// Jest Snapshot v1, https://goo.gl/fbAQLP

exports[`Header should render correctly 1`] = `
<header
  className="Header"
>
  <a
    href="/"
  >
    <span
      className="Header__hidden-text"
    >
      Skyscanner
    </span>
    <img
      alt="Skyscanner"
      className="Header__logo-image"
      src="logo.svg"
    />
  </a>
  <svg
    className="Header__icons-menu"
    height="18"
    style={
      Object {
        "height": "1.125rem",
        "width": "1.125rem",
      }
    }
    viewBox="0 0 24 24"
    width="18"
    xmlns="http://www.w3.org/2000/svg"
  >
    <path
      d="M20 8H4c-.6 0-1-.4-1-1s.4-1 1-1h16c.6 0 1 .4 1 1s-.4 1-1 1zm1 4c0-.6-.4-1-1-1H4c-.6 0-1 .4-1 1s.4 1 1 1h16c.6 0 1-.4 1-1zm0 5c0-.6-.4-1-1-1H4c-.6 0-1 .4-1 1s.4 1 1 1h16c.6 0 1-.4 1-1z"
    />
  </svg>
</header>
`;
